

================================================================
== Vitis HLS Report for 'dense_latency_ap_fixed_16_6_5_3_0_ap_fixed_16_6_5_3_0_config2_s'
================================================================
* Date:           Fri Mar 27 15:02:39 2026

* Version:        2025.1 (Build 6135595 on May 21 2025)
* Project:        myproject_prj
* Solution:       solution1 (Vivado IP Flow Target)
* Product family: zynq
* Target device:  xc7z020-clg400-1


================================================================
== Performance Estimates
================================================================
+ Timing: 
    * Summary: 
    +--------+---------+----------+------------+
    |  Clock |  Target | Estimated| Uncertainty|
    +--------+---------+----------+------------+
    |ap_clk  |  5.00 ns|  3.349 ns|     1.35 ns|
    +--------+---------+----------+------------+

+ Latency: 
    * Summary: 
    +---------+---------+-----------+-----------+-----+-----+---------+
    |  Latency (cycles) |   Latency (absolute)  |  Interval | Pipeline|
    |   min   |   max   |    min    |    max    | min | max |   Type  |
    +---------+---------+-----------+-----------+-----+-----+---------+
    |        4|        4|  20.000 ns|  20.000 ns|    1|    1|      yes|
    +---------+---------+-----------+-----------+-----+-----+---------+

    + Detail: 
        * Instance: 
        N/A

        * Loop: 
        N/A



================================================================
== Utilization Estimates
================================================================
* Summary: 
+-----------------+---------+-----+--------+-------+-----+
|       Name      | BRAM_18K| DSP |   FF   |  LUT  | URAM|
+-----------------+---------+-----+--------+-------+-----+
|DSP              |        -|    -|       -|      -|    -|
|Expression       |        -|    -|       0|    833|    -|
|FIFO             |        -|    -|       -|      -|    -|
|Instance         |        -|   30|    2010|     60|    -|
|Memory           |        -|    -|       -|      -|    -|
|Multiplexer      |        -|    -|       0|    112|    -|
|Register         |        -|    -|    1228|     32|    -|
+-----------------+---------+-----+--------+-------+-----+
|Total            |        0|   30|    3238|   1037|    0|
+-----------------+---------+-----+--------+-------+-----+
|Available        |      280|  220|  106400|  53200|    0|
+-----------------+---------+-----+--------+-------+-----+
|Utilization (%)  |        0|   13|       3|      1|    0|
+-----------------+---------+-----+--------+-------+-----+

+ Detail: 
    * Instance: 
    +-------------------------+---------------------+---------+----+----+----+-----+
    |         Instance        |        Module       | BRAM_18K| DSP| FF | LUT| URAM|
    +-------------------------+---------------------+---------+----+----+----+-----+
    |mul_16s_10ns_26_2_0_U4   |mul_16s_10ns_26_2_0  |        0|   1|  67|   2|    0|
    |mul_16s_10ns_26_2_0_U5   |mul_16s_10ns_26_2_0  |        0|   1|  67|   2|    0|
    |mul_16s_10ns_26_2_0_U9   |mul_16s_10ns_26_2_0  |        0|   1|  67|   2|    0|
    |mul_16s_10ns_26_2_0_U12  |mul_16s_10ns_26_2_0  |        0|   1|  67|   2|    0|
    |mul_16s_10ns_26_2_0_U21  |mul_16s_10ns_26_2_0  |        0|   1|  67|   2|    0|
    |mul_16s_10s_26_2_0_U6    |mul_16s_10s_26_2_0   |        0|   1|  67|   2|    0|
    |mul_16s_10s_26_2_0_U10   |mul_16s_10s_26_2_0   |        0|   1|  67|   2|    0|
    |mul_16s_10s_26_2_0_U15   |mul_16s_10s_26_2_0   |        0|   1|  67|   2|    0|
    |mul_16s_10s_26_2_0_U19   |mul_16s_10s_26_2_0   |        0|   1|  67|   2|    0|
    |mul_16s_10s_26_2_0_U25   |mul_16s_10s_26_2_0   |        0|   1|  67|   2|    0|
    |mul_16s_11ns_26_2_0_U3   |mul_16s_11ns_26_2_0  |        0|   1|  67|   2|    0|
    |mul_16s_11ns_26_2_0_U8   |mul_16s_11ns_26_2_0  |        0|   1|  67|   2|    0|
    |mul_16s_11ns_26_2_0_U13  |mul_16s_11ns_26_2_0  |        0|   1|  67|   2|    0|
    |mul_16s_11ns_26_2_0_U18  |mul_16s_11ns_26_2_0  |        0|   1|  67|   2|    0|
    |mul_16s_11ns_26_2_0_U24  |mul_16s_11ns_26_2_0  |        0|   1|  67|   2|    0|
    |mul_16s_11ns_26_2_0_U30  |mul_16s_11ns_26_2_0  |        0|   1|  67|   2|    0|
    |mul_16s_11s_26_2_0_U7    |mul_16s_11s_26_2_0   |        0|   1|  67|   2|    0|
    |mul_16s_11s_26_2_0_U14   |mul_16s_11s_26_2_0   |        0|   1|  67|   2|    0|
    |mul_16s_11s_26_2_0_U20   |mul_16s_11s_26_2_0   |        0|   1|  67|   2|    0|
    |mul_16s_11s_26_2_0_U22   |mul_16s_11s_26_2_0   |        0|   1|  67|   2|    0|
    |mul_16s_11s_26_2_0_U26   |mul_16s_11s_26_2_0   |        0|   1|  67|   2|    0|
    |mul_16s_11s_26_2_0_U27   |mul_16s_11s_26_2_0   |        0|   1|  67|   2|    0|
    |mul_16s_11s_26_2_0_U28   |mul_16s_11s_26_2_0   |        0|   1|  67|   2|    0|
    |mul_16s_12ns_26_2_0_U2   |mul_16s_12ns_26_2_0  |        0|   1|  67|   2|    0|
    |mul_16s_12s_26_2_0_U1    |mul_16s_12s_26_2_0   |        0|   1|  67|   2|    0|
    |mul_16s_12s_26_2_0_U16   |mul_16s_12s_26_2_0   |        0|   1|  67|   2|    0|
    |mul_16s_8ns_24_2_0_U29   |mul_16s_8ns_24_2_0   |        0|   1|  67|   2|    0|
    |mul_16s_9ns_25_2_0_U11   |mul_16s_9ns_25_2_0   |        0|   1|  67|   2|    0|
    |mul_16s_9ns_25_2_0_U23   |mul_16s_9ns_25_2_0   |        0|   1|  67|   2|    0|
    |mul_16s_9s_25_2_0_U17    |mul_16s_9s_25_2_0    |        0|   1|  67|   2|    0|
    +-------------------------+---------------------+---------+----+----+----+-----+
    |Total                    |                     |        0|  30|2010|  60|    0|
    +-------------------------+---------------------+---------+----+----+----+-----+

    * DSP: 
    N/A

    * Memory: 
    N/A

    * FIFO: 
    N/A

    * Expression: 
    +-------------------------+----------+----+---+----+------------+------------+
    |      Variable Name      | Operation| DSP| FF| LUT| Bitwidth P0| Bitwidth P1|
    +-------------------------+----------+----+---+----+------------+------------+
    |add_ln58_100_fu_4088_p2  |         +|   0|  0|  23|          16|          16|
    |add_ln58_101_fu_4138_p2  |         +|   0|  0|  23|          16|          16|
    |add_ln58_102_fu_4092_p2  |         +|   0|  0|  23|          16|          16|
    |add_ln58_103_fu_4025_p2  |         +|   0|  0|  23|          16|          10|
    |add_ln58_104_fu_4097_p2  |         +|   0|  0|  23|          16|          16|
    |add_ln58_105_fu_4142_p2  |         +|   0|  0|  23|          16|          16|
    |add_ln58_106_fu_4101_p2  |         +|   0|  0|  23|          16|          16|
    |add_ln58_107_fu_4030_p2  |         +|   0|  0|  23|          16|          10|
    |add_ln58_108_fu_4105_p2  |         +|   0|  0|  23|          16|          16|
    |add_ln58_109_fu_4146_p2  |         +|   0|  0|  23|          16|          16|
    |add_ln58_110_fu_4109_p2  |         +|   0|  0|  23|          16|          16|
    |add_ln58_111_fu_4035_p2  |         +|   0|  0|  23|          16|          10|
    |add_ln58_112_fu_4114_p2  |         +|   0|  0|  23|          16|          16|
    |add_ln58_113_fu_4150_p2  |         +|   0|  0|  23|          16|          16|
    |add_ln58_114_fu_4118_p2  |         +|   0|  0|  23|          16|          16|
    |add_ln58_115_fu_4041_p2  |         +|   0|  0|  23|          16|           8|
    |add_ln58_116_fu_4122_p2  |         +|   0|  0|  23|          16|          16|
    |add_ln58_117_fu_4154_p2  |         +|   0|  0|  23|          16|          16|
    |add_ln58_87_fu_4005_p2   |         +|   0|  0|  23|          16|           8|
    |add_ln58_88_fu_4062_p2   |         +|   0|  0|  23|          16|          16|
    |add_ln58_89_fu_4126_p2   |         +|   0|  0|  23|          16|          16|
    |add_ln58_90_fu_4066_p2   |         +|   0|  0|  23|          16|          16|
    |add_ln58_91_fu_4010_p2   |         +|   0|  0|  23|          16|          10|
    |add_ln58_92_fu_4070_p2   |         +|   0|  0|  23|          16|          16|
    |add_ln58_93_fu_4130_p2   |         +|   0|  0|  23|          16|          16|
    |add_ln58_94_fu_4074_p2   |         +|   0|  0|  23|          16|          16|
    |add_ln58_95_fu_4015_p2   |         +|   0|  0|  23|          16|          10|
    |add_ln58_96_fu_4078_p2   |         +|   0|  0|  23|          16|          16|
    |add_ln58_97_fu_4134_p2   |         +|   0|  0|  23|          16|          16|
    |add_ln58_98_fu_4083_p2   |         +|   0|  0|  23|          16|          16|
    |add_ln58_99_fu_4020_p2   |         +|   0|  0|  23|          16|           8|
    |add_ln58_fu_4058_p2      |         +|   0|  0|  23|          16|          16|
    |sub_ln73_6_fu_3767_p2    |         -|   0|  0|  33|          26|          26|
    |sub_ln73_7_fu_3571_p2    |         -|   0|  0|  31|          24|          24|
    |sub_ln73_fu_3643_p2      |         -|   0|  0|  33|           1|          26|
    +-------------------------+----------+----+---+----+------------+------------+
    |Total                    |          |   0|  0| 833|         563|         534|
    +-------------------------+----------+----+---+----+------------+------------+

    * Multiplexer: 
    +-------------+----+-----------+-----+-----------+
    |     Name    | LUT| Input Size| Bits| Total Bits|
    +-------------+----+-----------+-----+-----------+
    |ap_return_0  |  14|          3|   16|         48|
    |ap_return_1  |  14|          3|   16|         48|
    |ap_return_2  |  14|          3|   16|         48|
    |ap_return_3  |  14|          3|   16|         48|
    |ap_return_4  |  14|          3|   16|         48|
    |ap_return_5  |  14|          3|   16|         48|
    |ap_return_6  |  14|          3|   16|         48|
    |ap_return_7  |  14|          3|   16|         48|
    +-------------+----+-----------+-----+-----------+
    |Total        | 112|         24|  128|        384|
    +-------------+----+-----------+-----+-----------+

    * Register: 
    +--------------------------+----+----+-----+-----------+
    |           Name           | FF | LUT| Bits| Const Bits|
    +--------------------------+----+----+-----+-----------+
    |a_2_reg_4214              |  16|   0|   16|          0|
    |a_3_reg_4225              |  16|   0|   16|          0|
    |a_reg_4206                |  16|   0|   16|          0|
    |a_reg_4206_pp0_iter1_reg  |  16|   0|   16|          0|
    |add_ln58_100_reg_4528     |  16|   0|   16|          0|
    |add_ln58_102_reg_4533     |  16|   0|   16|          0|
    |add_ln58_103_reg_4473     |  16|   0|   16|          0|
    |add_ln58_104_reg_4538     |  16|   0|   16|          0|
    |add_ln58_106_reg_4543     |  16|   0|   16|          0|
    |add_ln58_107_reg_4478     |  16|   0|   16|          0|
    |add_ln58_108_reg_4548     |  16|   0|   16|          0|
    |add_ln58_110_reg_4553     |  16|   0|   16|          0|
    |add_ln58_111_reg_4483     |  16|   0|   16|          0|
    |add_ln58_112_reg_4558     |  16|   0|   16|          0|
    |add_ln58_114_reg_4563     |  16|   0|   16|          0|
    |add_ln58_115_reg_4488     |  16|   0|   16|          0|
    |add_ln58_116_reg_4568     |  16|   0|   16|          0|
    |add_ln58_87_reg_4453      |  16|   0|   16|          0|
    |add_ln58_88_reg_4498      |  16|   0|   16|          0|
    |add_ln58_90_reg_4503      |  16|   0|   16|          0|
    |add_ln58_91_reg_4458      |  16|   0|   16|          0|
    |add_ln58_92_reg_4508      |  16|   0|   16|          0|
    |add_ln58_94_reg_4513      |  16|   0|   16|          0|
    |add_ln58_95_reg_4463      |  16|   0|   16|          0|
    |add_ln58_96_reg_4518      |  16|   0|   16|          0|
    |add_ln58_98_reg_4523      |  16|   0|   16|          0|
    |add_ln58_99_reg_4468      |  16|   0|   16|          0|
    |add_ln58_reg_4493         |  16|   0|   16|          0|
    |ap_ce_reg                 |   1|   0|    1|          0|
    |ap_return_0_int_reg       |  16|   0|   16|          0|
    |ap_return_1_int_reg       |  16|   0|   16|          0|
    |ap_return_2_int_reg       |  16|   0|   16|          0|
    |ap_return_3_int_reg       |  16|   0|   16|          0|
    |ap_return_4_int_reg       |  16|   0|   16|          0|
    |ap_return_5_int_reg       |  16|   0|   16|          0|
    |ap_return_6_int_reg       |  16|   0|   16|          0|
    |ap_return_7_int_reg       |  16|   0|   16|          0|
    |data_val_int_reg          |  64|   0|   64|          0|
    |sub_ln73_reg_4262         |  18|   0|   26|          8|
    |trunc_ln42_100_reg_4418   |  16|   0|   16|          0|
    |trunc_ln42_101_reg_4423   |  15|   0|   15|          0|
    |trunc_ln42_102_reg_4428   |  16|   0|   16|          0|
    |trunc_ln42_103_reg_4433   |  16|   0|   16|          0|
    |trunc_ln42_104_reg_4438   |  16|   0|   16|          0|
    |trunc_ln42_105_reg_4443   |  16|   0|   16|          0|
    |trunc_ln42_106_reg_4448   |  16|   0|   16|          0|
    |trunc_ln42_107_reg_4298   |  16|   0|   16|          0|
    |trunc_ln42_108_reg_4303   |  16|   0|   16|          0|
    |trunc_ln42_109_reg_4308   |  16|   0|   16|          0|
    |trunc_ln42_110_reg_4313   |  16|   0|   16|          0|
    |trunc_ln42_111_reg_4318   |  16|   0|   16|          0|
    |trunc_ln42_112_reg_4323   |  16|   0|   16|          0|
    |trunc_ln42_113_reg_4328   |  15|   0|   15|          0|
    |trunc_ln42_114_reg_4333   |  16|   0|   16|          0|
    |trunc_ln42_85_reg_4348    |  16|   0|   16|          0|
    |trunc_ln42_86_reg_4353    |  16|   0|   16|          0|
    |trunc_ln42_87_reg_4358    |  14|   0|   14|          0|
    |trunc_ln42_88_reg_4363    |  16|   0|   16|          0|
    |trunc_ln42_89_reg_4368    |  16|   0|   16|          0|
    |trunc_ln42_90_reg_4373    |  16|   0|   16|          0|
    |trunc_ln42_91_reg_4378    |  16|   0|   16|          0|
    |trunc_ln42_92_reg_4383    |  16|   0|   16|          0|
    |trunc_ln42_93_reg_4388    |  16|   0|   16|          0|
    |trunc_ln42_94_reg_4220    |  14|   0|   14|          0|
    |trunc_ln42_95_reg_4393    |  16|   0|   16|          0|
    |trunc_ln42_96_reg_4398    |  16|   0|   16|          0|
    |trunc_ln42_97_reg_4403    |  15|   0|   15|          0|
    |trunc_ln42_98_reg_4408    |  16|   0|   16|          0|
    |trunc_ln42_99_reg_4413    |  16|   0|   16|          0|
    |trunc_ln42_s_reg_4343     |  16|   0|   16|          0|
    |trunc_ln_reg_4338         |  16|   0|   16|          0|
    |trunc_ln42_94_reg_4220    |  64|  32|   14|          0|
    +--------------------------+----+----+-----+-----------+
    |Total                     |1228|  32| 1186|          8|
    +--------------------------+----+----+-----+-----------+



================================================================
== Interface
================================================================
* Summary: 
+-------------+-----+-----+------------+----------------------------------------------------------------------------+--------------+
|  RTL Ports  | Dir | Bits|  Protocol  |                                Source Object                               |    C Type    |
+-------------+-----+-----+------------+----------------------------------------------------------------------------+--------------+
|ap_clk       |   in|    1|  ap_ctrl_hs|  dense_latency<ap_fixed<16, 6, 5, 3, 0>, ap_fixed<16, 6, 5, 3, 0>, config2>|  return value|
|ap_rst       |   in|    1|  ap_ctrl_hs|  dense_latency<ap_fixed<16, 6, 5, 3, 0>, ap_fixed<16, 6, 5, 3, 0>, config2>|  return value|
|ap_return_0  |  out|   16|  ap_ctrl_hs|  dense_latency<ap_fixed<16, 6, 5, 3, 0>, ap_fixed<16, 6, 5, 3, 0>, config2>|  return value|
|ap_return_1  |  out|   16|  ap_ctrl_hs|  dense_latency<ap_fixed<16, 6, 5, 3, 0>, ap_fixed<16, 6, 5, 3, 0>, config2>|  return value|
|ap_return_2  |  out|   16|  ap_ctrl_hs|  dense_latency<ap_fixed<16, 6, 5, 3, 0>, ap_fixed<16, 6, 5, 3, 0>, config2>|  return value|
|ap_return_3  |  out|   16|  ap_ctrl_hs|  dense_latency<ap_fixed<16, 6, 5, 3, 0>, ap_fixed<16, 6, 5, 3, 0>, config2>|  return value|
|ap_return_4  |  out|   16|  ap_ctrl_hs|  dense_latency<ap_fixed<16, 6, 5, 3, 0>, ap_fixed<16, 6, 5, 3, 0>, config2>|  return value|
|ap_return_5  |  out|   16|  ap_ctrl_hs|  dense_latency<ap_fixed<16, 6, 5, 3, 0>, ap_fixed<16, 6, 5, 3, 0>, config2>|  return value|
|ap_return_6  |  out|   16|  ap_ctrl_hs|  dense_latency<ap_fixed<16, 6, 5, 3, 0>, ap_fixed<16, 6, 5, 3, 0>, config2>|  return value|
|ap_return_7  |  out|   16|  ap_ctrl_hs|  dense_latency<ap_fixed<16, 6, 5, 3, 0>, ap_fixed<16, 6, 5, 3, 0>, config2>|  return value|
|ap_ce        |   in|    1|  ap_ctrl_hs|  dense_latency<ap_fixed<16, 6, 5, 3, 0>, ap_fixed<16, 6, 5, 3, 0>, config2>|  return value|
|data_val     |   in|   64|     ap_none|                                                                    data_val|        scalar|
+-------------+-----+-----+------------+----------------------------------------------------------------------------+--------------+

