

================================================================
== Vitis HLS Report for 'dense_latency_ap_fixed_16_6_5_3_0_ap_fixed_16_6_5_3_0_config6_s'
================================================================
* Date:           Fri Mar 27 15:02:40 2026

* Version:        2025.1 (Build 6135595 on May 21 2025)
* Project:        myproject_prj
* Solution:       solution1 (Vivado IP Flow Target)
* Product family: zynq
* Target device:  xc7z020-clg400-1


================================================================
== Performance Estimates
================================================================
+ Timing: 
    * Summary: 
    +--------+---------+----------+------------+
    |  Clock |  Target | Estimated| Uncertainty|
    +--------+---------+----------+------------+
    |ap_clk  |  5.00 ns|  3.349 ns|     1.35 ns|
    +--------+---------+----------+------------+

+ Latency: 
    * Summary: 
    +---------+---------+-----------+-----------+-----+-----+---------+
    |  Latency (cycles) |   Latency (absolute)  |  Interval | Pipeline|
    |   min   |   max   |    min    |    max    | min | max |   Type  |
    +---------+---------+-----------+-----------+-----+-----+---------+
    |        5|        5|  25.000 ns|  25.000 ns|    1|    1|      yes|
    +---------+---------+-----------+-----------+-----+-----+---------+

    + Detail: 
        * Instance: 
        N/A

        * Loop: 
        N/A



================================================================
== Utilization Estimates
================================================================
* Summary: 
+-----------------+---------+-----+--------+-------+-----+
|       Name      | BRAM_18K| DSP |   FF   |  LUT  | URAM|
+-----------------+---------+-----+--------+-------+-----+
|DSP              |        -|    -|       -|      -|    -|
|Expression       |        -|    -|       0|    682|    -|
|FIFO             |        -|    -|       -|      -|    -|
|Instance         |        -|   21|    1407|     42|    -|
|Memory           |        -|    -|       -|      -|    -|
|Multiplexer      |        -|    -|       0|     42|    -|
|Register         |        -|    -|    1051|      -|    -|
+-----------------+---------+-----+--------+-------+-----+
|Total            |        0|   21|    2458|    766|    0|
+-----------------+---------+-----+--------+-------+-----+
|Available        |      280|  220|  106400|  53200|    0|
+-----------------+---------+-----+--------+-------+-----+
|Utilization (%)  |        0|    9|       2|      1|    0|
+-----------------+---------+-----+--------+-------+-----+

+ Detail: 
    * Instance: 
    +--------------------------+---------------------+---------+----+----+----+-----+
    |         Instance         |        Module       | BRAM_18K| DSP| FF | LUT| URAM|
    +--------------------------+---------------------+---------+----+----+----+-----+
    |mul_16s_10ns_26_2_0_U137  |mul_16s_10ns_26_2_0  |        0|   1|  67|   2|    0|
    |mul_16s_10s_26_2_0_U126   |mul_16s_10s_26_2_0   |        0|   1|  67|   2|    0|
    |mul_16s_10s_26_2_0_U127   |mul_16s_10s_26_2_0   |        0|   1|  67|   2|    0|
    |mul_16s_10s_26_2_0_U134   |mul_16s_10s_26_2_0   |        0|   1|  67|   2|    0|
    |mul_16s_10s_26_2_0_U139   |mul_16s_10s_26_2_0   |        0|   1|  67|   2|    0|
    |mul_16s_10s_26_2_0_U140   |mul_16s_10s_26_2_0   |        0|   1|  67|   2|    0|
    |mul_16s_10s_26_2_0_U142   |mul_16s_10s_26_2_0   |        0|   1|  67|   2|    0|
    |mul_16s_11ns_26_2_0_U132  |mul_16s_11ns_26_2_0  |        0|   1|  67|   2|    0|
    |mul_16s_11ns_26_2_0_U138  |mul_16s_11ns_26_2_0  |        0|   1|  67|   2|    0|
    |mul_16s_11s_26_2_0_U130   |mul_16s_11s_26_2_0   |        0|   1|  67|   2|    0|
    |mul_16s_11s_26_2_0_U143   |mul_16s_11s_26_2_0   |        0|   1|  67|   2|    0|
    |mul_16s_12ns_26_2_0_U135  |mul_16s_12ns_26_2_0  |        0|   1|  67|   2|    0|
    |mul_16s_12ns_26_2_0_U136  |mul_16s_12ns_26_2_0  |        0|   1|  67|   2|    0|
    |mul_16s_12ns_26_2_0_U141  |mul_16s_12ns_26_2_0  |        0|   1|  67|   2|    0|
    |mul_16s_12s_26_2_0_U123   |mul_16s_12s_26_2_0   |        0|   1|  67|   2|    0|
    |mul_16s_12s_26_2_0_U125   |mul_16s_12s_26_2_0   |        0|   1|  67|   2|    0|
    |mul_16s_12s_26_2_0_U128   |mul_16s_12s_26_2_0   |        0|   1|  67|   2|    0|
    |mul_16s_8s_24_2_0_U133    |mul_16s_8s_24_2_0    |        0|   1|  67|   2|    0|
    |mul_16s_9s_25_2_0_U124    |mul_16s_9s_25_2_0    |        0|   1|  67|   2|    0|
    |mul_16s_9s_25_2_0_U129    |mul_16s_9s_25_2_0    |        0|   1|  67|   2|    0|
    |mul_16s_9s_25_2_0_U131    |mul_16s_9s_25_2_0    |        0|   1|  67|   2|    0|
    +--------------------------+---------------------+---------+----+----+----+-----+
    |Total                     |                     |        0|  21|1407|  42|    0|
    +--------------------------+---------------------+---------+----+----+----+-----+

    * DSP: 
    N/A

    * Memory: 
    N/A

    * FIFO: 
    N/A

    * Expression: 
    +------------------------+----------+----+---+----+------------+------------+
    |      Variable Name     | Operation| DSP| FF| LUT| Bitwidth P0| Bitwidth P1|
    +------------------------+----------+----+---+----+------------+------------+
    |add_ln58_10_fu_2359_p2  |         +|   0|  0|  23|          16|          16|
    |add_ln58_11_fu_2363_p2  |         +|   0|  0|  23|          16|          16|
    |add_ln58_12_fu_2330_p2  |         +|   0|  0|  23|          16|           9|
    |add_ln58_13_fu_2367_p2  |         +|   0|  0|  23|          16|          16|
    |add_ln58_14_fu_2388_p2  |         +|   0|  0|  23|          16|          16|
    |add_ln58_15_fu_2404_p2  |         +|   0|  0|  23|          16|          16|
    |add_ln58_16_fu_2335_p2  |         +|   0|  0|  23|          16|          16|
    |add_ln58_17_fu_2371_p2  |         +|   0|  0|  23|          16|          16|
    |add_ln58_18_fu_2392_p2  |         +|   0|  0|  23|          16|          16|
    |add_ln58_19_fu_2375_p2  |         +|   0|  0|  23|          16|          16|
    |add_ln58_1_fu_2310_p2   |         +|   0|  0|  23|          16|          16|
    |add_ln58_20_fu_2339_p2  |         +|   0|  0|  23|          16|           8|
    |add_ln58_21_fu_2380_p2  |         +|   0|  0|  23|          16|          16|
    |add_ln58_22_fu_2396_p2  |         +|   0|  0|  23|          16|          16|
    |add_ln58_23_fu_2408_p2  |         +|   0|  0|  23|          16|          16|
    |add_ln58_2_fu_2347_p2   |         +|   0|  0|  23|          16|          16|
    |add_ln58_3_fu_2351_p2   |         +|   0|  0|  23|          16|          16|
    |add_ln58_4_fu_2314_p2   |         +|   0|  0|  23|          16|          11|
    |add_ln58_5_fu_2355_p2   |         +|   0|  0|  23|          16|          16|
    |add_ln58_6_fu_2384_p2   |         +|   0|  0|  23|          16|          16|
    |add_ln58_7_fu_2400_p2   |         +|   0|  0|  23|          16|          16|
    |add_ln58_8_fu_2320_p2   |         +|   0|  0|  23|          16|          16|
    |add_ln58_9_fu_2324_p2   |         +|   0|  0|  23|          16|          16|
    |add_ln58_fu_2305_p2     |         +|   0|  0|  23|          16|          16|
    |sub_ln42_1_fu_1943_p2   |         -|   0|  0|  33|           1|          26|
    |sub_ln42_2_fu_2059_p2   |         -|   0|  0|  33|          26|          26|
    |sub_ln42_fu_2039_p2     |         -|   0|  0|  33|          26|          26|
    |sub_ln73_fu_2096_p2     |         -|   0|  0|  31|          24|          24|
    +------------------------+----------+----+---+----+------------+------------+
    |Total                   |          |   0|  0| 682|         461|         466|
    +------------------------+----------+----+---+----+------------+------------+

    * Multiplexer: 
    +-------------+----+-----------+-----+-----------+
    |     Name    | LUT| Input Size| Bits| Total Bits|
    +-------------+----+-----------+-----+-----------+
    |ap_return_0  |  14|          3|   16|         48|
    |ap_return_1  |  14|          3|   16|         48|
    |ap_return_2  |  14|          3|   16|         48|
    +-------------+----+-----------+-----+-----------+
    |Total        |  42|          9|   48|        144|
    +-------------+----+-----------+-----+-----------+

    * Register: 
    +--------------------------------------+----+----+-----+-----------+
    |                 Name                 | FF | LUT| Bits| Const Bits|
    +--------------------------------------+----+----+-----+-----------+
    |add_ln58_10_reg_2708                  |  16|   0|   16|          0|
    |add_ln58_10_reg_2708_pp0_iter4_reg    |  16|   0|   16|          0|
    |add_ln58_11_reg_2713                  |  16|   0|   16|          0|
    |add_ln58_12_reg_2678                  |  16|   0|   16|          0|
    |add_ln58_13_reg_2718                  |  16|   0|   16|          0|
    |add_ln58_14_reg_2743                  |  16|   0|   16|          0|
    |add_ln58_16_reg_2683                  |  16|   0|   16|          0|
    |add_ln58_16_reg_2683_pp0_iter3_reg    |  16|   0|   16|          0|
    |add_ln58_17_reg_2723                  |  16|   0|   16|          0|
    |add_ln58_18_reg_2748                  |  16|   0|   16|          0|
    |add_ln58_19_reg_2728                  |  16|   0|   16|          0|
    |add_ln58_1_reg_2658                   |  16|   0|   16|          0|
    |add_ln58_20_reg_2688                  |  16|   0|   16|          0|
    |add_ln58_21_reg_2733                  |  16|   0|   16|          0|
    |add_ln58_22_reg_2753                  |  16|   0|   16|          0|
    |add_ln58_2_reg_2693                   |  16|   0|   16|          0|
    |add_ln58_2_reg_2693_pp0_iter4_reg     |  16|   0|   16|          0|
    |add_ln58_3_reg_2698                   |  16|   0|   16|          0|
    |add_ln58_4_reg_2663                   |  16|   0|   16|          0|
    |add_ln58_5_reg_2703                   |  16|   0|   16|          0|
    |add_ln58_6_reg_2738                   |  16|   0|   16|          0|
    |add_ln58_8_reg_2668                   |  16|   0|   16|          0|
    |add_ln58_9_reg_2673                   |  16|   0|   16|          0|
    |add_ln58_reg_2653                     |  16|   0|   16|          0|
    |ap_ce_reg                             |   1|   0|    1|          0|
    |ap_return_0_int_reg                   |  16|   0|   16|          0|
    |ap_return_1_int_reg                   |  16|   0|   16|          0|
    |ap_return_2_int_reg                   |  16|   0|   16|          0|
    |data_0_val_int_reg                    |  16|   0|   16|          0|
    |data_1_val_int_reg                    |  16|   0|   16|          0|
    |data_1_val_read_reg_2453              |  16|   0|   16|          0|
    |data_2_val_int_reg                    |  16|   0|   16|          0|
    |data_2_val_read_reg_2446              |  16|   0|   16|          0|
    |data_3_val_int_reg                    |  16|   0|   16|          0|
    |data_4_val_int_reg                    |  16|   0|   16|          0|
    |data_4_val_read_reg_2441              |  16|   0|   16|          0|
    |data_5_val_int_reg                    |  16|   0|   16|          0|
    |data_5_val_read_reg_2435              |  16|   0|   16|          0|
    |data_6_val_int_reg                    |  16|   0|   16|          0|
    |data_6_val_read_reg_2430              |  16|   0|   16|          0|
    |data_7_val_int_reg                    |  16|   0|   16|          0|
    |sub_ln42_1_reg_2476                   |  17|   0|   26|          9|
    |trunc_ln42_10_reg_2558                |  16|   0|   16|          0|
    |trunc_ln42_10_reg_2558_pp0_iter2_reg  |  16|   0|   16|          0|
    |trunc_ln42_11_reg_2608                |  16|   0|   16|          0|
    |trunc_ln42_12_reg_2613                |  16|   0|   16|          0|
    |trunc_ln42_13_reg_2618                |  16|   0|   16|          0|
    |trunc_ln42_14_reg_2623                |  16|   0|   16|          0|
    |trunc_ln42_15_reg_2628                |  16|   0|   16|          0|
    |trunc_ln42_16_reg_2633                |  14|   0|   14|          0|
    |trunc_ln42_17_reg_2638                |  16|   0|   16|          0|
    |trunc_ln42_18_reg_2643                |  16|   0|   16|          0|
    |trunc_ln42_19_reg_2648                |  16|   0|   16|          0|
    |trunc_ln42_1_reg_2508                 |  16|   0|   16|          0|
    |trunc_ln42_20_reg_2588                |  15|   0|   15|          0|
    |trunc_ln42_21_reg_2593                |  16|   0|   16|          0|
    |trunc_ln42_22_reg_2598                |  16|   0|   16|          0|
    |trunc_ln42_2_reg_2513                 |  16|   0|   16|          0|
    |trunc_ln42_3_reg_2518                 |  15|   0|   15|          0|
    |trunc_ln42_4_reg_2523                 |  16|   0|   16|          0|
    |trunc_ln42_5_reg_2528                 |  16|   0|   16|          0|
    |trunc_ln42_6_reg_2538                 |  16|   0|   16|          0|
    |trunc_ln42_7_reg_2543                 |  14|   0|   14|          0|
    |trunc_ln42_8_reg_2603                 |  16|   0|   16|          0|
    |trunc_ln42_9_reg_2548                 |  16|   0|   16|          0|
    |trunc_ln42_s_reg_2553                 |  15|   0|   15|          0|
    |trunc_ln_reg_2503                     |  16|   0|   16|          0|
    +--------------------------------------+----+----+-----+-----------+
    |Total                                 |1051|   0| 1060|          9|
    +--------------------------------------+----+----+-----+-----------+



================================================================
== Interface
================================================================
* Summary: 
+-------------+-----+-----+------------+----------------------------------------------------------------------------+--------------+
|  RTL Ports  | Dir | Bits|  Protocol  |                                Source Object                               |    C Type    |
+-------------+-----+-----+------------+----------------------------------------------------------------------------+--------------+
|ap_clk       |   in|    1|  ap_ctrl_hs|  dense_latency<ap_fixed<16, 6, 5, 3, 0>, ap_fixed<16, 6, 5, 3, 0>, config6>|  return value|
|ap_rst       |   in|    1|  ap_ctrl_hs|  dense_latency<ap_fixed<16, 6, 5, 3, 0>, ap_fixed<16, 6, 5, 3, 0>, config6>|  return value|
|ap_return_0  |  out|   16|  ap_ctrl_hs|  dense_latency<ap_fixed<16, 6, 5, 3, 0>, ap_fixed<16, 6, 5, 3, 0>, config6>|  return value|
|ap_return_1  |  out|   16|  ap_ctrl_hs|  dense_latency<ap_fixed<16, 6, 5, 3, 0>, ap_fixed<16, 6, 5, 3, 0>, config6>|  return value|
|ap_return_2  |  out|   16|  ap_ctrl_hs|  dense_latency<ap_fixed<16, 6, 5, 3, 0>, ap_fixed<16, 6, 5, 3, 0>, config6>|  return value|
|ap_ce        |   in|    1|  ap_ctrl_hs|  dense_latency<ap_fixed<16, 6, 5, 3, 0>, ap_fixed<16, 6, 5, 3, 0>, config6>|  return value|
|data_0_val   |   in|   16|     ap_none|                                                                  data_0_val|        scalar|
|data_1_val   |   in|   16|     ap_none|                                                                  data_1_val|        scalar|
|data_2_val   |   in|   16|     ap_none|                                                                  data_2_val|        scalar|
|data_3_val   |   in|   16|     ap_none|                                                                  data_3_val|        scalar|
|data_4_val   |   in|   16|     ap_none|                                                                  data_4_val|        scalar|
|data_5_val   |   in|   16|     ap_none|                                                                  data_5_val|        scalar|
|data_6_val   |   in|   16|     ap_none|                                                                  data_6_val|        scalar|
|data_7_val   |   in|   16|     ap_none|                                                                  data_7_val|        scalar|
+-------------+-----+-----+------------+----------------------------------------------------------------------------+--------------+

