

================================================================
== Vitis HLS Report for 'softmax_stable_ap_fixed_ap_fixed_16_6_5_3_0_softmax_config7_s'
================================================================
* Date:           Fri Mar 27 15:02:40 2026

* Version:        2025.1 (Build 6135595 on May 21 2025)
* Project:        myproject_prj
* Solution:       solution1 (Vivado IP Flow Target)
* Product family: zynq
* Target device:  xc7z020-clg400-1


================================================================
== Performance Estimates
================================================================
+ Timing: 
    * Summary: 
    +--------+---------+----------+------------+
    |  Clock |  Target | Estimated| Uncertainty|
    +--------+---------+----------+------------+
    |ap_clk  |  5.00 ns|  3.349 ns|     1.35 ns|
    +--------+---------+----------+------------+

+ Latency: 
    * Summary: 
    +---------+---------+-----------+-----------+-----+-----+---------+
    |  Latency (cycles) |   Latency (absolute)  |  Interval | Pipeline|
    |   min   |   max   |    min    |    max    | min | max |   Type  |
    +---------+---------+-----------+-----------+-----+-----+---------+
    |        9|        9|  45.000 ns|  45.000 ns|    1|    1|      yes|
    +---------+---------+-----------+-----------+-----+-----+---------+

    + Detail: 
        * Instance: 
        N/A

        * Loop: 
        N/A



================================================================
== Utilization Estimates
================================================================
* Summary: 
+-----------------+---------+-----+--------+-------+-----+
|       Name      | BRAM_18K| DSP |   FF   |  LUT  | URAM|
+-----------------+---------+-----+--------+-------+-----+
|DSP              |        -|    -|       -|      -|    -|
|Expression       |        -|    -|       0|    165|    -|
|FIFO             |        -|    -|       -|      -|    -|
|Instance         |        -|    3|     225|      6|    -|
|Memory           |        3|    -|       0|      0|    -|
|Multiplexer      |        -|    -|       0|     42|    -|
|Register         |        -|    -|     511|     96|    -|
+-----------------+---------+-----+--------+-------+-----+
|Total            |        3|    3|     736|    309|    0|
+-----------------+---------+-----+--------+-------+-----+
|Available        |      280|  220|  106400|  53200|    0|
+-----------------+---------+-----+--------+-------+-----+
|Utilization (%)  |        1|    1|      ~0|     ~0|    0|
+-----------------+---------+-----+--------+-------+-----+

+ Detail: 
    * Instance: 
    +--------------------------+---------------------+---------+----+----+----+-----+
    |         Instance         |        Module       | BRAM_18K| DSP| FF | LUT| URAM|
    +--------------------------+---------------------+---------+----+----+----+-----+
    |mul_18s_11ns_26_2_0_U153  |mul_18s_11ns_26_2_0  |        0|   1|  75|   2|    0|
    |mul_18s_11ns_26_2_0_U154  |mul_18s_11ns_26_2_0  |        0|   1|  75|   2|    0|
    |mul_18s_11ns_26_2_0_U155  |mul_18s_11ns_26_2_0  |        0|   1|  75|   2|    0|
    +--------------------------+---------------------+---------+----+----+----+-----+
    |Total                     |                     |        0|   3| 225|   6|    0|
    +--------------------------+---------------------+---------+----+----+----+-----+

    * DSP: 
    N/A

    * Memory: 
    +----------------+----------------------------------------------------------------------------------+---------+---+----+-----+------+-----+------+-------------+
    |     Memory     |                                      Module                                      | BRAM_18K| FF| LUT| URAM| Words| Bits| Banks| W*Bits*Banks|
    +----------------+----------------------------------------------------------------------------------+---------+---+----+-----+------+-----+------+-------------+
    |exp_table_U     |softmax_stable_ap_fixed_ap_fixed_16_6_5_3_0_softmax_config7_s_exp_table_ROM_Abkb  |        2|  0|   0|    0|  1024|   11|     1|        11264|
    |invert_table_U  |softmax_stable_ap_fixed_ap_fixed_16_6_5_3_0_softmax_config7_s_invert_table_ROcud  |        1|  0|   0|    0|  1024|   18|     1|        18432|
    +----------------+----------------------------------------------------------------------------------+---------+---+----+-----+------+-----+------+-------------+
    |Total           |                                                                                  |        3|  0|   0|    0|  2048|   29|     2|        29696|
    +----------------+----------------------------------------------------------------------------------+---------+---+----+-----+------+-----+------+-------------+

    * FIFO: 
    N/A

    * Expression: 
    +-----------------------+----------+----+---+----+------------+------------+
    |     Variable Name     | Operation| DSP| FF| LUT| Bitwidth P0| Bitwidth P1|
    +-----------------------+----------+----+---+----+------------+------------+
    |add_ln51_1_fu_227_p2   |         +|   0|  0|  12|          12|          12|
    |add_ln51_fu_233_p2     |         +|   0|  0|  12|          12|          12|
    |x_1_fu_168_p2          |         -|   0|  0|  20|          15|          15|
    |x_2_fu_172_p2          |         -|   0|  0|  20|          15|          15|
    |x_fu_164_p2            |         -|   0|  0|  20|          15|          15|
    |icmp_ln66_1_fu_144_p2  |      icmp|   0|  0|  23|          16|          16|
    |icmp_ln66_fu_112_p2    |      icmp|   0|  0|  23|          16|          16|
    |a_fu_124_p3            |    select|   0|  0|  16|           1|          16|
    |select_ln66_fu_157_p3  |    select|   0|  0|  15|           1|          15|
    |xor_ln66_1_fu_148_p2   |       xor|   0|  0|   2|           1|           2|
    |xor_ln66_fu_118_p2     |       xor|   0|  0|   2|           1|           2|
    +-----------------------+----------+----+---+----+------------+------------+
    |Total                  |          |   0|  0| 165|         105|         136|
    +-----------------------+----------+----+---+----+------------+------------+

    * Multiplexer: 
    +-------------+----+-----------+-----+-----------+
    |     Name    | LUT| Input Size| Bits| Total Bits|
    +-------------+----+-----------+-----+-----------+
    |ap_return_0  |  14|          3|   16|         48|
    |ap_return_1  |  14|          3|   16|         48|
    |ap_return_2  |  14|          3|   16|         48|
    +-------------+----+-----------+-----+-----------+
    |Total        |  42|          9|   48|        144|
    +-------------+----+-----------+-----+-----------+

    * Register: 
    +-------------------------------------+----+----+-----+-----------+
    |                 Name                | FF | LUT| Bits| Const Bits|
    +-------------------------------------+----+----+-----+-----------+
    |a_1_reg_395                          |  11|   0|   11|          0|
    |a_reg_336                            |  16|   0|   16|          0|
    |ap_ce_reg                            |   1|   0|    1|          0|
    |ap_return_0_int_reg                  |  16|   0|   16|          0|
    |ap_return_1_int_reg                  |  16|   0|   16|          0|
    |ap_return_2_int_reg                  |  16|   0|   16|          0|
    |b_1_reg_407                          |  11|   0|   11|          0|
    |b_reg_401                            |  11|   0|   11|          0|
    |data_0_val_int_reg                   |  16|   0|   16|          0|
    |data_1_val_int_reg                   |  16|   0|   16|          0|
    |data_2_val_int_reg                   |  16|   0|   16|          0|
    |data_2_val_read_reg_331              |  16|   0|   16|          0|
    |inv_exp_sum_reg_423                  |  18|   0|   18|          0|
    |select_ln66_reg_358                  |  15|   0|   15|          0|
    |tmp_1_reg_413                        |   4|   0|    4|          0|
    |tmp_2_reg_370                        |  10|   0|   10|          0|
    |tmp_4_reg_375                        |  10|   0|   10|          0|
    |tmp_reg_365                          |  10|   0|   10|          0|
    |trunc_ln248_1_reg_353                |  15|   0|   15|          0|
    |trunc_ln248_1_reg_353_pp0_iter1_reg  |  15|   0|   15|          0|
    |trunc_ln248_reg_348                  |  15|   0|   15|          0|
    |trunc_ln248_reg_348_pp0_iter1_reg    |  15|   0|   15|          0|
    |trunc_ln66_1_reg_342                 |  15|   0|   15|          0|
    |trunc_ln66_1_reg_342_pp0_iter1_reg   |  15|   0|   15|          0|
    |a_1_reg_395                          |  64|  32|   11|          0|
    |b_1_reg_407                          |  64|  32|   11|          0|
    |b_reg_401                            |  64|  32|   11|          0|
    +-------------------------------------+----+----+-----+-----------+
    |Total                                | 511|  96|  352|          0|
    +-------------------------------------+----+----+-----+-----------+



================================================================
== Interface
================================================================
* Summary: 
+-------------+-----+-----+------------+---------------------------------------------------------------+--------------+
|  RTL Ports  | Dir | Bits|  Protocol  |                         Source Object                         |    C Type    |
+-------------+-----+-----+------------+---------------------------------------------------------------+--------------+
|ap_clk       |   in|    1|  ap_ctrl_hs|  softmax_stable<ap_fixed,ap_fixed<16,6,5,3,0>,softmax_config7>|  return value|
|ap_rst       |   in|    1|  ap_ctrl_hs|  softmax_stable<ap_fixed,ap_fixed<16,6,5,3,0>,softmax_config7>|  return value|
|ap_return_0  |  out|   16|  ap_ctrl_hs|  softmax_stable<ap_fixed,ap_fixed<16,6,5,3,0>,softmax_config7>|  return value|
|ap_return_1  |  out|   16|  ap_ctrl_hs|  softmax_stable<ap_fixed,ap_fixed<16,6,5,3,0>,softmax_config7>|  return value|
|ap_return_2  |  out|   16|  ap_ctrl_hs|  softmax_stable<ap_fixed,ap_fixed<16,6,5,3,0>,softmax_config7>|  return value|
|ap_ce        |   in|    1|  ap_ctrl_hs|  softmax_stable<ap_fixed,ap_fixed<16,6,5,3,0>,softmax_config7>|  return value|
|data_0_val   |   in|   16|     ap_none|                                                     data_0_val|        scalar|
|data_1_val   |   in|   16|     ap_none|                                                     data_1_val|        scalar|
|data_2_val   |   in|   16|     ap_none|                                                     data_2_val|        scalar|
+-------------+-----+-----+------------+---------------------------------------------------------------+--------------+

