#-----------------------------------------------------------
# Vivado v2025.1 (64-bit)
# SW Build 6140274 on Wed May 21 22:58:25 MDT 2025
# IP Build 6138677 on Thu May 22 03:10:11 MDT 2025
# SharedData Build 6139179 on Tue May 20 17:58:58 MDT 2025
# Start of session at: Thu Mar 26 14:13:55 2026
# Process ID         : 15042
# Current directory  : /media/thifj/923884033883E497/Linux_usable/hls4ml/vivado_project/hlsforml/hlsforml.runs/design_1_rst_ps8_0_100M_0_synth_1
# Command line       : vivado -log design_1_rst_ps8_0_100M_0.vds -product Vivado -mode batch -messageDb vivado.pb -notrace -source design_1_rst_ps8_0_100M_0.tcl
# Log file           : /media/thifj/923884033883E497/Linux_usable/hls4ml/vivado_project/hlsforml/hlsforml.runs/design_1_rst_ps8_0_100M_0_synth_1/design_1_rst_ps8_0_100M_0.vds
# Journal file       : /media/thifj/923884033883E497/Linux_usable/hls4ml/vivado_project/hlsforml/hlsforml.runs/design_1_rst_ps8_0_100M_0_synth_1/vivado.jou
# Running On         : thifjrog
# Platform           : Ubuntu
# Operating System   : Ubuntu 24.04.3 LTS
# Processor Detail   : AMD Ryzen 9 5980HX with Radeon Graphics
# CPU Frequency      : 4072.879 MHz
# CPU Physical cores : 8
# CPU Logical cores  : 16
# Host memory        : 16133 MB
# Swap memory        : 17179 MB
# Total Virtual      : 33313 MB
# Available Virtual  : 22347 MB
#-----------------------------------------------------------
source design_1_rst_ps8_0_100M_0.tcl -notrace
