#-----------------------------------------------------------
# Vivado v2025.1 (64-bit)
# SW Build 6140274 on Thu May 22 00:12:29 MDT 2025
# IP Build 6138677 on Thu May 22 03:10:11 MDT 2025
# SharedData Build 6139179 on Tue May 20 17:58:58 MDT 2025
# Start of session at: Fri Mar 27 20:16:17 2026
# Process ID         : 15760
# Current directory  : E:/Laboratorio/iris_hls4ml_pynqZ2/Iris_hls4ml_pynqZ2/vivado_project/iris_hardware/iris_hardware.runs/synth_1
# Command line       : vivado.exe -log design_1_wrapper.vds -product Vivado -mode batch -messageDb vivado.pb -notrace -source design_1_wrapper.tcl
# Log file           : E:/Laboratorio/iris_hls4ml_pynqZ2/Iris_hls4ml_pynqZ2/vivado_project/iris_hardware/iris_hardware.runs/synth_1/design_1_wrapper.vds
# Journal file       : E:/Laboratorio/iris_hls4ml_pynqZ2/Iris_hls4ml_pynqZ2/vivado_project/iris_hardware/iris_hardware.runs/synth_1\vivado.jou
# Running On         : pc-jax
# Platform           : Windows Server 2016 or Windows 10
# Operating System   : 26200
# Processor Detail   : AMD Ryzen 5 5600X 6-Core Processor             
# CPU Frequency      : 3700 MHz
# CPU Physical cores : 6
# CPU Logical cores  : 12
# Host memory        : 34269 MB
# Swap memory        : 3623 MB
# Total Virtual      : 37893 MB
# Available Virtual  : 16716 MB
#-----------------------------------------------------------
source design_1_wrapper.tcl -notrace
